
*test*message*throw_undefined.js:5
throw undefined;
      ^
undefined
