before
*test*message*throw_non_error.js:8
throw ({ foo: 'bar' });
^
[object Object]
