before
*test*message*throw_in_line_with_tabs.js:8
	throw ({ foo: 'bar' });
	^
[object Object]
