
*test*message*throw_null.js:5
throw null;
^
null
