beginning

test.vm:1
var 5;
^^^
SyntaxError: Unexpected number
    at Object.exports.runInThisContext (vm.js:*)
    at Object.<anonymous> (*test*message*vm_display_syntax_error.js:*)
    at Module._compile (module.js:*)
    at Object.Module._extensions..js (module.js:*)
    at Module.load (module.js:*)
    at Function.Module._load (module.js:*)
    at Function.Module.runMain (module.js:*)
    at startup (node.js:*)
    at node.js:*
