*%(basename)s:7: SyntaxError: Invalid left-hand side in for-loop
function f() { for (new.target in {}); }
                    ^^^^^^^^^^
SyntaxError: Invalid left-hand side in for-loop
