*%(basename)s:7: ReferenceError: Invalid left-hand side expression in prefix operation
function f() { ++new.target }
                 ^^^^^^^^^^
ReferenceError: Invalid left-hand side expression in prefix operation
