# Copyright 2014 the V8 project authors. All rights reserved.
# Use of this source code is governed by a BSD-style license that can be
# found in the LICENSE file.
*%(basename)s:10: TypeError: A 'super' constructor call may only appear as the first statement of a function, and its arguments may not access 'this'. Other forms are not yet supported.
    super(this.x);
     
TypeError: A 'super' constructor call may only appear as the first statement of a function, and its arguments may not access 'this'. Other forms are not yet supported.
    at *%(basename)s:14:9
